------------------------------------------------------------
TimeQuest Timing Analyzer Summary
------------------------------------------------------------

Type  : Slow 1200mV 85C Model Setup 'CLOCK_50'
Slack : -2.646
TNS   : -63.146

Type  : Slow 1200mV 85C Model Hold 'CLOCK_50'
Slack : 0.339
TNS   : 0.000

Type  : Slow 1200mV 85C Model Recovery 'CLOCK_50'
Slack : -0.517
TNS   : -3.509

Type  : Slow 1200mV 85C Model Removal 'CLOCK_50'
Slack : 0.869
TNS   : 0.000

Type  : Slow 1200mV 85C Model Minimum Pulse Width 'CLOCK_50'
Slack : -3.000
TNS   : -49.000

Type  : Slow 1200mV 0C Model Setup 'CLOCK_50'
Slack : -2.301
TNS   : -53.639

Type  : Slow 1200mV 0C Model Hold 'CLOCK_50'
Slack : 0.293
TNS   : 0.000

Type  : Slow 1200mV 0C Model Recovery 'CLOCK_50'
Slack : -0.345
TNS   : -2.220

Type  : Slow 1200mV 0C Model Removal 'CLOCK_50'
Slack : 0.780
TNS   : 0.000

Type  : Slow 1200mV 0C Model Minimum Pulse Width 'CLOCK_50'
Slack : -3.000
TNS   : -49.000

Type  : Fast 1200mV 0C Model Setup 'CLOCK_50'
Slack : -1.047
TNS   : -21.572

Type  : Fast 1200mV 0C Model Hold 'CLOCK_50'
Slack : 0.168
TNS   : 0.000

Type  : Fast 1200mV 0C Model Recovery 'CLOCK_50'
Slack : 0.134
TNS   : 0.000

Type  : Fast 1200mV 0C Model Removal 'CLOCK_50'
Slack : 0.467
TNS   : 0.000

Type  : Fast 1200mV 0C Model Minimum Pulse Width 'CLOCK_50'
Slack : -3.000
TNS   : -62.426

------------------------------------------------------------
